// Jest Snapshot v1, https://goo.gl/fbAQLP

exports[`gardener-dashboard-terminal-bootstrapper clusterrole should render the template 1`] = `
Object {
  "apiVersion": "rbac.authorization.k8s.io/v1",
  "kind": "ClusterRole",
  "metadata": Object {
    "labels": Object {
      "app.kubernetes.io/component": "terminal-bootstrapper",
      "app.kubernetes.io/instance": "gardener-dashboard",
      "app.kubernetes.io/managed-by": "Helm",
      "app.kubernetes.io/name": "gardener-dashboard",
      "helm.sh/chart": "gardener-dashboard-application-0.1.0",
    },
    "name": "gardener.cloud:system:dashboard-terminal-bootstrapper",
  },
  "rules": Array [
    Object {
      "apiGroups": Array [
        "",
      ],
      "resources": Array [
        "secrets",
      ],
      "verbs": Array [
        "get",
        "list",
      ],
    },
    Object {
      "apiGroups": Array [
        "core.gardener.cloud",
      ],
      "resources": Array [
        "shoots",
      ],
      "verbs": Array [
        "get",
        "list",
        "watch",
      ],
    },
    Object {
      "apiGroups": Array [
        "core.gardener.cloud",
      ],
      "resources": Array [
        "shoots/adminkubeconfig",
      ],
      "verbs": Array [
        "create",
      ],
    },
    Object {
      "apiGroups": Array [
        "seedmanagement.gardener.cloud",
      ],
      "resources": Array [
        "managedseeds",
      ],
      "verbs": Array [
        "get",
      ],
    },
  ],
}
`;
