// Jest Snapshot v1, https://goo.gl/fbAQLP

exports[`gardener-dashboard configmap-assets should render the template 1`] = `
Object {
  "apiVersion": "v1",
  "binaryData": Object {
    "bar.png": "Zm9vCg==
",
  },
  "kind": "ConfigMap",
  "metadata": Object {
    "name": "dashboard-assets",
  },
}
`;
