// Vitest Snapshot v1, https://vitest.dev/guide/snapshot.html

exports[`stores > credential > should return dnsCredentialList 1`] = `
[
  "aws-route53",
  "azure-dns",
  "azure-private-dns",
  "google-clouddns",
  "openstack-designate",
  "alicloud-dns",
  "cloudflare-dns",
  "infoblox-dns",
  "netlify-dns",
  "powerdns",
  "rfc2136",
]
`;

exports[`stores > credential > should return infrastructureBindingList 1`] = `
[
  "aws",
  "azure",
  "gcp",
  "openstack",
  "alicloud",
  "ironcore",
]
`;
