// Jest Snapshot v1, https://goo.gl/fbAQLP

exports[`gardener-dashboard configmap-assets should render the template 1`] = `
Object {
  "apiVersion": "v1",
  "binaryData": Object {
    "bar.png": "Zm9vCg==
",
  },
  "kind": "ConfigMap",
  "metadata": Object {
    "labels": Object {
      "app.kubernetes.io/component": "dashboard",
      "app.kubernetes.io/instance": "gardener-dashboard",
      "app.kubernetes.io/managed-by": "Helm",
      "app.kubernetes.io/name": "gardener-dashboard",
      "helm.sh/chart": "gardener-dashboard-runtime-0.1.0",
    },
    "name": "dashboard-assets",
    "namespace": "garden",
  },
}
`;
