// Jest Snapshot v1, https://jestjs.io/docs/snapshot-testing

exports[`gardener-dashboard serviceaccount when virtual garden is enabled should render the template 1`] = `
{
  "apiVersion": "v1",
  "kind": "ServiceAccount",
  "metadata": {
    "labels": {
      "app.kubernetes.io/component": "dashboard",
      "app.kubernetes.io/instance": "gardener-dashboard",
      "app.kubernetes.io/managed-by": "Helm",
      "app.kubernetes.io/name": "gardener-dashboard",
      "helm.sh/chart": "gardener-dashboard-runtime-0.1.0",
    },
    "name": "gardener-dashboard",
    "namespace": "garden",
  },
}
`;
