// Vitest Snapshot v1, https://vitest.dev/guide/snapshot.html

exports[`secretDetails > matches snapshots for all known provider types (including unhandled types) 1`] = `
{
  "alicloud": [
    {
      "label": "Access Key ID",
      "value": "example-access-key-id",
    },
  ],
  "alicloud-dns": [
    {
      "label": "Access Key ID",
      "value": "example-access-key-id",
    },
  ],
  "aws": [
    {
      "label": "Access Key ID",
      "value": "example-access-key-id",
    },
  ],
  "aws-route53": [
    {
      "label": "Access Key ID",
      "value": "example-access-key-id",
    },
  ],
  "azure": [
    {
      "label": "Subscription ID",
      "value": "example-subscription-id",
    },
  ],
  "azure-dns": [
    {
      "label": "Subscription ID",
      "value": "example-subscription-id",
    },
  ],
  "azure-private-dns": [
    {
      "label": "Subscription ID",
      "value": "example-subscription-id",
    },
  ],
  "cloudflare-dns": [
    {
      "hidden": true,
      "label": "API Key",
    },
  ],
  "gcp": [
    {
      "label": "Project",
      "value": "example-gcp-project-id",
    },
  ],
  "google-clouddns": [
    {
      "label": "Project",
      "value": "example-google-project-id",
    },
  ],
  "hcloud": [
    {
      "hidden": true,
      "label": "Hetzner Cloud Token",
    },
  ],
  "infoblox-dns": [
    {
      "label": "Infoblox Username",
      "value": "example-infoblox-user",
    },
  ],
  "ironcore": undefined,
  "local": undefined,
  "metal": [
    {
      "label": "API URL",
      "value": "https://metal.example.org",
    },
  ],
  "netlify-dns": [
    {
      "hidden": true,
      "label": "API Key",
    },
  ],
  "onmetal": undefined,
  "openstack": [
    {
      "label": "Domain Name",
      "value": "example-domain",
    },
    {
      "label": "Tenant Name",
      "value": "example-tenant",
    },
  ],
  "openstack-designate": [
    {
      "label": "Domain Name",
      "value": "example-domain",
    },
    {
      "label": "Tenant Name",
      "value": "example-tenant",
    },
  ],
  "powerdns": [
    {
      "label": "Server",
      "value": "https://powerdns.example.org",
    },
    {
      "hidden": true,
      "label": "API Key",
    },
  ],
  "rfc2136": [
    {
      "label": "Server",
      "value": "dns.example.org:53",
    },
    {
      "label": "TSIG Key Name",
      "value": "key.example.org.",
    },
    {
      "label": "Zone",
      "value": "example.org.",
    },
  ],
  "stackit": undefined,
  "vsphere": [
    {
      "label": "vSphere Username",
      "value": "example-vsphere-user",
    },
    {
      "label": "NSX-T Username",
      "value": "example-nsxt-user",
    },
  ],
}
`;

exports[`secretDetails > returns undefined for unknown provider types 1`] = `undefined`;
