// Jest Snapshot v1, https://goo.gl/fbAQLP

exports[`config should reject unauthenticated requests 1`] = `Array []`;

exports[`config should reject unauthenticated requests 2`] = `
Object {
  "code": 401,
  "details": Object {
    "name": "UnauthorizedError",
    "stack": "UnauthorizedError: No authorization token was found
    at verifyToken (/Users/d050337/SAPDevelop/git/gardener/dashboard/backend/lib/security/index.js:226:13)
    at /Users/d050337/SAPDevelop/git/gardener/dashboard/backend/lib/security/index.js:277:13
    at Layer.handle [as handle_request] (/Users/d050337/SAPDevelop/git/gardener/dashboard/.yarn/cache/express-npm-4.18.1-842e583ae1-c3d44c92e4.zip/node_modules/express/lib/router/layer.js:95:5)
    at trim_prefix (/Users/d050337/SAPDevelop/git/gardener/dashboard/.yarn/cache/express-npm-4.18.1-842e583ae1-c3d44c92e4.zip/node_modules/express/lib/router/index.js:328:13)
    at /Users/d050337/SAPDevelop/git/gardener/dashboard/.yarn/cache/express-npm-4.18.1-842e583ae1-c3d44c92e4.zip/node_modules/express/lib/router/index.js:286:9
    at Function.process_params (/Users/d050337/SAPDevelop/git/gardener/dashboard/.yarn/cache/express-npm-4.18.1-842e583ae1-c3d44c92e4.zip/node_modules/express/lib/router/index.js:346:12)
    at next (/Users/d050337/SAPDevelop/git/gardener/dashboard/.yarn/cache/express-npm-4.18.1-842e583ae1-c3d44c92e4.zip/node_modules/express/lib/router/index.js:280:10)
    at jsonParser (/Users/d050337/SAPDevelop/git/gardener/dashboard/.yarn/cache/body-parser-npm-1.20.0-1820eff49a-12fffdeac8.zip/node_modules/body-parser/lib/types/json.js:110:7)
    at Layer.handle [as handle_request] (/Users/d050337/SAPDevelop/git/gardener/dashboard/.yarn/cache/express-npm-4.18.1-842e583ae1-c3d44c92e4.zip/node_modules/express/lib/router/layer.js:95:5)
    at trim_prefix (/Users/d050337/SAPDevelop/git/gardener/dashboard/.yarn/cache/express-npm-4.18.1-842e583ae1-c3d44c92e4.zip/node_modules/express/lib/router/index.js:328:13)",
  },
  "message": "No authorization token was found",
  "reason": "Unauthorized",
  "status": "Failure",
}
`;

exports[`config should return the frontend configuration 1`] = `
Array [
  Array [
    Object {
      ":authority": "kubernetes:6443",
      ":method": "get",
      ":path": "/api/v1/namespaces/kube-system/configmaps/cluster-identity",
      ":scheme": "https",
      "authorization": "Bearer eyJhbGciOiJIUzI1NiIsInR5cCI6IkpXVCJ9.eyJpc3MiOiJrdWJlcm5ldGVzL3NlcnZpY2VhY2NvdW50Iiwic3ViIjoic3lzdGVtOnNlcnZpY2VhY2NvdW50OmdhcmRlbjpkZWZhdWx0In0.-4rSuvvj5BStN6DwnmLAaRVbgpl5iCn2hG0pcqx0NPw",
    },
  ],
]
`;

exports[`config should return the frontend configuration 2`] = `
Object {
  "apiServerUrl": "https://kubernetes.external.foo.bar",
  "clusterIdentity": "test-id",
  "features": Object {
    "terminalEnabled": true,
  },
  "helpMenuItems": Array [
    Object {
      "icon": "description",
      "title": "Getting Started",
      "url": "https://gardener.cloud/about/",
    },
    Object {
      "icon": "mdi-slack",
      "title": "Feedback",
      "url": "https://kubernetes.slack.com/messages/gardener/",
    },
    Object {
      "icon": "mdi-bug",
      "title": "Issues",
      "url": "https://github.com/gardener/dashboard/issues/",
    },
  ],
  "landingPageUrl": "https://gardener.cloud/",
  "serviceAccountDefaultTokenExpiration": 42,
}
`;

exports[`config should return the public frontend configuration 1`] = `Array []`;

exports[`config should return the public frontend configuration 2`] = `
Object {
  "loginTypes": Array [
    "oidc",
    "token",
  ],
}
`;
