// Jest Snapshot v1, https://goo.gl/fbAQLP

exports[`config should return the frontend configuration 1`] = `
Array [
  Array [
    Object {
      ":authority": "kubernetes:6443",
      ":method": "get",
      ":path": "/api/v1/namespaces/kube-system/configmaps/cluster-identity",
      ":scheme": "https",
      "authorization": "Bearer eyJhbGciOiJIUzI1NiIsInR5cCI6IkpXVCJ9.eyJpc3MiOiJrdWJlcm5ldGVzL3NlcnZpY2VhY2NvdW50Iiwic3ViIjoic3lzdGVtOnNlcnZpY2VhY2NvdW50OmdhcmRlbjpkZWZhdWx0In0.-4rSuvvj5BStN6DwnmLAaRVbgpl5iCn2hG0pcqx0NPw",
    },
  ],
]
`;

exports[`config should return the frontend configuration 2`] = `
Object {
  "apiServerUrl": "https://kubernetes.external.foo.bar",
  "clusterIdentity": "test-id",
  "features": Object {
    "terminalEnabled": true,
  },
  "helpMenuItems": Array [
    Object {
      "icon": "description",
      "title": "Getting Started",
      "url": "https://gardener.cloud/about/",
    },
    Object {
      "icon": "mdi-slack",
      "title": "Feedback",
      "url": "https://kubernetes.slack.com/messages/gardener/",
    },
    Object {
      "icon": "mdi-bug",
      "title": "Issues",
      "url": "https://github.com/gardener/dashboard/issues/",
    },
  ],
  "landingPageUrl": "https://gardener.cloud/",
  "primaryLoginType": "oidc",
  "serviceAccountDefaultTokenExpiration": 42,
}
`;
