// Jest Snapshot v1, https://goo.gl/fbAQLP

exports[`gardener-dashboard role should render the template with default values 1`] = `
Object {
  "apiVersion": "rbac.authorization.k8s.io/v1",
  "kind": "Role",
  "metadata": Object {
    "labels": Object {
      "app.kubernetes.io/component": "dashboard",
      "app.kubernetes.io/instance": "gardener-dashboard",
      "app.kubernetes.io/managed-by": "Helm",
      "app.kubernetes.io/name": "gardener-dashboard",
      "helm.sh/chart": "gardener-dashboard-application-0.1.0",
    },
    "name": "gardener.cloud:system:dashboard-github-webhook",
    "namespace": "garden",
  },
  "rules": Array [
    Object {
      "apiGroups": Array [
        "coordination.k8s.io",
      ],
      "resourceNames": Array [
        "gardener-dashboard-github-webhook",
      ],
      "resources": Array [
        "leases",
      ],
      "verbs": Array [
        "create",
        "get",
        "patch",
        "watch",
        "list",
      ],
    },
  ],
}
`;
