// Jest Snapshot v1, https://goo.gl/fbAQLP

exports[`api cloudprofiles should return all cloudprofiles 1`] = `
[
  [
    {
      ":authority": "kubernetes:6443",
      ":method": "post",
      ":path": "/apis/authorization.k8s.io/v1/selfsubjectaccessreviews",
      ":scheme": "https",
      "authorization": "Bearer eyJhbGciOiJIUzI1NiIsInR5cCI6IkpXVCJ9.eyJpZCI6ImpvaG4uZG9lQGV4YW1wbGUub3JnIiwiaWF0IjoxNTc3ODM2ODAwLCJhdWQiOlsiZ2FyZGVuZXIiXSwiZXhwIjozMTU1NzE2ODAwLCJqdGkiOiJqdGkifQ.LkQ9PEN893UNTsZZn2Ux_CAYNOoQ2ISboWuHiAc5HHU",
    },
    {
      "apiVersion": "authorization.k8s.io/v1",
      "kind": "SelfSubjectAccessReview",
      "spec": {
        "nonResourceAttributes": undefined,
        "resourceAttributes": {
          "group": "core.gardener.cloud",
          "resource": "cloudprofiles",
          "verb": "list",
        },
      },
    },
  ],
]
`;

exports[`api cloudprofiles should return all cloudprofiles 2`] = `
[
  {
    "data": {
      "kubernetes": {
        "versions": [
          {
            "version": "1.9.0",
          },
          {
            "version": "1.8.5",
          },
        ],
      },
      "seedNames": [
        "infra1-seed",
        "infra1-seed2",
        "infra4-seed-managed",
      ],
      "seedSelector": {},
      "type": "infra1",
    },
    "metadata": {
      "displayName": "infra1-profileName",
      "name": "infra1-profileName",
      "providerType": "infra1",
    },
  },
  {
    "data": {
      "kubernetes": {
        "versions": [
          {
            "version": "1.9.0",
          },
          {
            "version": "1.8.5",
          },
        ],
      },
      "seedNames": [
        "infra3-seed",
        "infra3-seed-with-selector",
        "infra3-seed-without-selector",
      ],
      "seedSelector": {
        "providerTypes": [
          "infra2",
          "infra3",
        ],
      },
      "type": "infra1",
    },
    "metadata": {
      "displayName": "infra1-profileName2",
      "name": "infra1-profileName2",
      "providerType": "infra1",
    },
  },
  {
    "data": {
      "kubernetes": {
        "versions": [
          {
            "version": "1.9.0",
          },
          {
            "version": "1.8.5",
          },
        ],
      },
      "seedSelector": {},
      "type": "infra2",
    },
    "metadata": {
      "displayName": "infra2-profileName",
      "name": "infra2-profileName",
      "providerType": "infra2",
    },
  },
  {
    "data": {
      "kubernetes": {
        "versions": [
          {
            "version": "1.9.0",
          },
          {
            "version": "1.8.5",
          },
        ],
      },
      "seedNames": [
        "infra3-seed-with-selector",
      ],
      "seedSelector": {
        "matchLabels": {
          "foo": "bar",
        },
      },
      "type": "infra3",
    },
    "metadata": {
      "displayName": "infra3-profileName",
      "name": "infra3-profileName",
      "providerType": "infra3",
    },
  },
  {
    "data": {
      "kubernetes": {
        "versions": [
          {
            "version": "1.9.0",
          },
          {
            "version": "1.8.5",
          },
        ],
      },
      "seedNames": [
        "infra3-seed",
        "infra3-seed-with-selector",
        "infra3-seed-without-selector",
      ],
      "seedSelector": {},
      "type": "infra3",
    },
    "metadata": {
      "displayName": "infra3-profileName2",
      "name": "infra3-profileName2",
      "providerType": "infra3",
    },
  },
  {
    "data": {
      "kubernetes": {
        "versions": [
          {
            "version": "1.9.0",
          },
          {
            "version": "1.8.5",
          },
        ],
      },
      "seedNames": [
        "infra1-seed",
        "infra1-seed2",
        "infra3-seed",
        "infra4-seed-managed",
        "infra3-seed-with-selector",
        "infra3-seed-without-selector",
      ],
      "seedSelector": {
        "providerTypes": [
          "*",
        ],
      },
      "type": "infra4",
    },
    "metadata": {
      "displayName": "infra4-profileName",
      "name": "infra4-profileName",
      "providerType": "infra4",
    },
  },
]
`;
