// Jest Snapshot v1, https://jestjs.io/docs/snapshot-testing

exports[`api user should return selfsubjectrules for the user 1`] = `
[
  [
    {
      ":authority": "kubernetes:6443",
      ":method": "post",
      ":path": "/apis/authorization.k8s.io/v1/selfsubjectrulesreviews",
      ":scheme": "https",
      "authorization": "Bearer eyJhbGciOiJIUzI1NiIsInR5cCI6IkpXVCJ9.eyJpZCI6ImJhckBleGFtcGxlLm9yZyIsImlhdCI6MTU3NzgzNjgwMCwiYXVkIjpbImdhcmRlbmVyIl0sImV4cCI6MzE1NTcxNjgwMCwianRpIjoianRpIn0.7WKy0sNVkJzIqh3QJIF1zk3QjzwFe_zMTv8PmnOCsxg",
    },
    {
      "apiVersion": "authorization.k8s.io/v1",
      "kind": "SelfSubjectRulesReview",
      "spec": {
        "namespace": "garden-foo",
      },
    },
  ],
]
`;

exports[`api user should return selfsubjectrules for the user 2`] = `
{
  "incomplete": false,
  "nonResourceRules": [],
  "resourceRules": [
    {
      "apiGroups": [
        "core.gardener.cloud",
      ],
      "resourceName": [
        "foo",
      ],
      "resources": [
        "projects",
      ],
      "verbs": [
        "get",
      ],
    },
    {
      "apiGroups": [
        "core.gardener.cloud",
      ],
      "resources": [
        "projects",
      ],
      "verbs": [
        "create",
      ],
    },
  ],
}
`;

exports[`api user should return the kubeconfig data the user 1`] = `
{
  "certificateAuthorityData": "LS0tLS1CRUdJTiBDRVJUSUZJQ0FURS0tLS0tCkxpNHUKLS0tLS1FTkQgQ0VSVElGSUNBVEUtLS0tLQ==",
  "oidc": {
    "certificateAuthorityData": "LS0tLS1CRUdJTiBDRVJUSUZJQ0FURS0tLS0tCkxpNHUKLS0tLS1FTkQgQ0VSVElGSUNBVEUtLS0tLQ==",
    "clientId": "kube-kubectl",
    "clientSecret": "6b7562652d6b75626563746c2d736563726574",
    "extraScopes": [
      "email",
      "profile",
      "groups",
    ],
    "issuerUrl": "https://kubernetes:32001",
  },
  "server": "https://kubernetes.external.foo.bar",
}
`;
