// Jest Snapshot v1, https://jestjs.io/docs/snapshot-testing

exports[`config should return the frontend configuration 1`] = `
[
  [
    {
      ":authority": "kubernetes:6443",
      ":method": "get",
      ":path": "/api/v1/namespaces/kube-system/configmaps/cluster-identity",
      ":scheme": "https",
      "authorization": "Bearer eyJhbGciOiJIUzI1NiIsInR5cCI6IkpXVCJ9.eyJpc3MiOiJrdWJlcm5ldGVzL3NlcnZpY2VhY2NvdW50Iiwic3ViIjoic3lzdGVtOnNlcnZpY2VhY2NvdW50OmdhcmRlbjpkZWZhdWx0In0.-4rSuvvj5BStN6DwnmLAaRVbgpl5iCn2hG0pcqx0NPw",
    },
  ],
]
`;

exports[`config should return the frontend configuration 2`] = `
{
  "apiServerUrl": "https://kubernetes.external.foo.bar",
  "clusterIdentity": "test-id",
  "features": {
    "terminalEnabled": true,
  },
  "helpMenuItems": [
    {
      "icon": "description",
      "title": "Getting Started",
      "url": "https://gardener.cloud/about/",
    },
    {
      "icon": "mdi-slack",
      "title": "Feedback",
      "url": "https://gardener-cloud.slack.com/",
    },
    {
      "icon": "mdi-bug",
      "title": "Issues",
      "url": "https://github.com/gardener/dashboard/issues/",
    },
  ],
  "serviceAccountDefaultTokenExpiration": 42,
  "unreachableSeeds": {
    "matchLabels": {
      "test-unreachable": "true",
    },
  },
}
`;
